# DO NOT EDIT GENERATED by presenti
A Good presenti Example

The presenti Authors
https://www.github.com/dupoxy/presenti/

* Title of slide or section (must have asterisk)
Some Text
** Subsection
- bullets
- more bullets
- a bullet with
*** Sub-subsection
Some More text
	Preformatted text
	is indented (however you like)
Further Text, including invocations like:
.code test.go /^func main/,/^}/
.play test.go
# .image image.jpg
# .iframe http://foo

EOF comment Test.
