# DO NOT EDIT GENERATED by presenti
A Bad presenti Example

The presenti Authors
https://www.github.com/dupoxy/presenti/

* Bla bla
* Bla bla

